// Jest Snapshot v1, https://goo.gl/fbAQLP

exports[`Snapshot of pie chart 1`] = `
<EchartsReact
  className=""
  echarts={Object {}}
  lazyUpdate={false}
  loadingOption={null}
  notMerge={false}
  onChartReady={[Function]}
  onEvents={Object {}}
  option={
    Object {
      "legend": Object {
        "data": Array [
          Object {
            "icon": "circle",
            "name": "直接访问",
          },
          Object {
            "icon": "circle",
            "name": "邮件营销",
          },
          Object {
            "icon": "circle",
            "name": "联盟广告",
          },
          Object {
            "icon": "circle",
            "name": "视频广告",
          },
          Object {
            "icon": "circle",
            "name": "搜索引擎",
          },
        ],
        "formatter": [Function],
        "orient": "vertical",
        "right": "0",
        "top": "middle",
      },
      "series": Array [
        Object {
          "data": Array [
            Object {
              "name": "直接访问",
              "value": 335,
            },
            Object {
              "name": "邮件营销",
              "value": 310,
            },
            Object {
              "name": "联盟广告",
              "value": 234,
            },
            Object {
              "name": "视频广告",
              "value": 135,
            },
            Object {
              "name": "搜索引擎",
              "value": 1548,
            },
          ],
          "hoverOffset": 0,
          "label": Object {
            "normal": Object {
              "show": false,
            },
          },
          "labelLine": Object {
            "normal": Object {
              "show": false,
            },
          },
          "left": "center",
          "top": "center",
          "type": "pie",
        },
      ],
      "tooltip": Object {
        "formatter": "{b}: {d}%",
        "trigger": "item",
      },
    }
  }
  opts={Object {}}
  showLoading={false}
  style={Object {}}
  theme={null}
/>
`;
