// Jest Snapshot v1, https://goo.gl/fbAQLP

exports[`Snapshot of Simple radar 1`] = `
<EchartsReact
  className=""
  echarts={Object {}}
  lazyUpdate={false}
  loadingOption={null}
  notMerge={false}
  onChartReady={[Function]}
  onEvents={Object {}}
  option={
    Object {
      "legend": Object {},
      "radar": Object {
        "indicator": Array [
          Object {
            "max": 103.7,
            "name": "Matcha Latte",
          },
          Object {
            "max": 93.1,
            "name": "Milk Tea",
          },
          Object {
            "max": 96.4,
            "name": "Cheese Cocoa",
          },
          Object {
            "max": 82.4,
            "name": "Walnut Brownie",
          },
        ],
      },
      "series": Object {
        "data": Array [
          Object {
            "name": "2015",
            "value": Array [
              43.3,
              83.1,
              86.4,
              72.4,
            ],
          },
          Object {
            "name": "2016",
            "value": Array [
              85.8,
              73.4,
              65.2,
              53.9,
            ],
          },
          Object {
            "name": "2017",
            "value": Array [
              93.7,
              55.1,
              82.5,
              39.1,
            ],
          },
        ],
        "type": "radar",
      },
      "tooltip": Object {},
    }
  }
  opts={Object {}}
  showLoading={false}
  source={
    Array [
      Array [
        "product",
        "2015",
        "2016",
        "2017",
      ],
      Array [
        "Matcha Latte",
        43.3,
        85.8,
        93.7,
      ],
      Array [
        "Milk Tea",
        83.1,
        73.4,
        55.1,
      ],
      Array [
        "Cheese Cocoa",
        86.4,
        65.2,
        82.5,
      ],
      Array [
        "Walnut Brownie",
        72.4,
        53.9,
        39.1,
      ],
    ]
  }
  style={
    Object {
      "height": "500px",
      "width": "100%",
    }
  }
  theme={null}
/>
`;
